ERROR: Value of 'alpha' attribute on <span> tag on line 1 could not be parsed; should be an integer, not 'seethru'